// Jest Snapshot v1, https://goo.gl/fbAQLP

exports[`PrimaryButton should match snapshot 1`] = `
<button
  className="ant-btn css-dev-only-do-not-override-2i2tap ant-btn-primary"
  disabled={false}
  onClick={[Function]}
  style={Object {}}
  type="submit"
>
  <span>
    hello!
  </span>
</button>
`;
